WARNING: A restricted method in java.lang.System has been called
WARNING: java.lang.System::load has been called by org.fusesource.jansi.internal.JansiLoader in an unnamed module (file:/home/z/.m2/wrapper/dists/apache-maven-3.9.16-bin/4200fbc6/apache-maven-3.9.16/lib/jansi-2.4.3.jar)
WARNING: Use --enable-native-access=ALL-UNNAMED to avoid a warning for callers in this module
WARNING: Restricted methods will be blocked in a future release unless native access is enabled

[INFO] Scanning for projects...
[INFO] ------------------------------------------------------------------------
[INFO] Reactor Build Order:
[INFO] 
[INFO] marketplace-platform                                               [pom]
[INFO] marketplace-edge                                                   [jar]
[INFO] 
[INFO] ----------------< com.marketplace:marketplace-platform >----------------
[INFO] Building marketplace-platform 0.1.0-SNAPSHOT                       [1/2]
[INFO]   from pom.xml
[INFO] --------------------------------[ pom ]---------------------------------
[INFO] 
[INFO] --- clean:3.5.0:clean (default-clean) @ marketplace-platform ---
[INFO] 
[INFO] --- enforcer:3.6.3:enforce (enforce-dependency-convergence) @ marketplace-platform ---
[INFO] Rule 0: org.apache.maven.enforcer.rules.dependency.DependencyConvergence passed
[INFO] Rule 1: org.apache.maven.enforcer.rules.dependency.RequireUpperBoundDeps passed
[INFO] Rule 2: org.apache.maven.enforcer.rules.BanDuplicatePomDependencyVersions passed
[INFO] Rule 3: org.apache.maven.enforcer.rules.version.RequireMavenVersion passed
[INFO] Rule 4: org.apache.maven.enforcer.rules.version.RequireJavaVersion passed
[INFO] 
[INFO] --- jacoco:0.8.15:prepare-agent (prepare-agent) @ marketplace-platform ---
[INFO] argLine set to -javaagent:/home/z/.m2/repository/org/jacoco/org.jacoco.agent/0.8.15/org.jacoco.agent-0.8.15-runtime.jar=destfile=/home/z/my-project/app-java-v3-b/target/jacoco.exec,excludes=**/*Application.*:**/*Config.*:**/*Module.*:**/*Entity.*:**/*Spi.*:**/*Port.*:**/shared/jpa/**:**/shared/events/**:**/*HealthIndicator.*:**/shared/api/*Summary.*:**/shared/api/*Event.*:**/shared/api/*ExportEntry.*:**/shared/api/SearchCriteria.*:**/shared/api/PaymentIntentDetails.*:**/shared/api/ListingPriceProvider$*:**/shared/api/ApiConstants.*:**/shared/api/SystemSettingKeys.*:**/shared/api/BadRequestException.*:**/shared/api/ConflictException.*:**/shared/api/ResourceNotFoundException.*:**/shared/api/SystemSettingTypeException.*:**/shared/api/ProviderNameResolver.*:**/shared/api/BookingParticipantProvider.*:**/shared/config/**:**/shared/email/EmailSendException.*:**/shared/security/CurrentUserProvider.*
[INFO] 
[INFO] --- failsafe:3.5.6:integration-test (default) @ marketplace-platform ---
[INFO] No tests to run.
[INFO] 
[INFO] --- failsafe:3.5.6:integration-test (run-integration-tests) @ marketplace-platform ---
[INFO] No tests to run.
[INFO] Skipping execution of surefire because it has already been run for this configuration
[INFO] 
[INFO] --- jacoco:0.8.15:report (report) @ marketplace-platform ---
[INFO] Skipping JaCoCo execution due to missing execution data file.
[INFO] 
[INFO] --- jacoco:0.8.15:check (check) @ marketplace-platform ---
[INFO] Skipping JaCoCo execution due to missing execution data file:/home/z/my-project/app-java-v3-b/target/jacoco.exec
[INFO] 
[INFO] --- failsafe:3.5.6:verify (default) @ marketplace-platform ---
[INFO] No tests to run.
[INFO] 
[INFO] --- failsafe:3.5.6:verify (run-integration-tests) @ marketplace-platform ---
[INFO] No tests to run.
[INFO] 
[INFO] --- dependency:3.10.0:analyze-only (analyze) @ marketplace-platform ---
[INFO] Skipping pom project
[INFO] 
[INFO] ------------------< com.marketplace:marketplace-edge >------------------
[INFO] Building marketplace-edge 0.1.0-SNAPSHOT                           [2/2]
[INFO]   from marketplace-edge/pom.xml
[INFO] --------------------------------[ jar ]---------------------------------
[INFO] Downloading from central: https://repo.maven.apache.org/maven2/org/springframework/cloud/spring-cloud-starter-gateway-server-webmvc/5.0.3/spring-cloud-starter-gateway-server-webmvc-5.0.3.pom
[INFO] Downloaded from central: https://repo.maven.apache.org/maven2/org/springframework/cloud/spring-cloud-starter-gateway-server-webmvc/5.0.3/spring-cloud-starter-gateway-server-webmvc-5.0.3.pom (2.8 kB at 9.3 kB/s)
[INFO] Downloading from central: https://repo.maven.apache.org/maven2/org/springframework/cloud/spring-cloud-gateway/5.0.3/spring-cloud-gateway-5.0.3.pom
[INFO] Downloaded from central: https://repo.maven.apache.org/maven2/org/springframework/cloud/spring-cloud-gateway/5.0.3/spring-cloud-gateway-5.0.3.pom (3.0 kB at 134 kB/s)
[INFO] Downloading from central: https://repo.maven.apache.org/maven2/org/springframework/cloud/spring-cloud-build/5.0.3/spring-cloud-build-5.0.3.pom
[INFO] Downloaded from central: https://repo.maven.apache.org/maven2/org/springframework/cloud/spring-cloud-build/5.0.3/spring-cloud-build-5.0.3.pom (55 kB at 2.0 MB/s)
[INFO] Downloading from central: https://repo.maven.apache.org/maven2/org/springframework/cloud/spring-cloud-build-dependencies/5.0.3/spring-cloud-build-dependencies-5.0.3.pom
[INFO] Downloaded from central: https://repo.maven.apache.org/maven2/org/springframework/cloud/spring-cloud-build-dependencies/5.0.3/spring-cloud-build-dependencies-5.0.3.pom (3.4 kB at 137 kB/s)
[INFO] Downloading from central: https://repo.maven.apache.org/maven2/org/springframework/boot/spring-boot-dependencies/4.0.8/spring-boot-dependencies-4.0.8.pom
[INFO] Downloaded from central: https://repo.maven.apache.org/maven2/org/springframework/boot/spring-boot-dependencies/4.0.8/spring-boot-dependencies-4.0.8.pom (138 kB at 3.9 MB/s)
[INFO] Downloading from central: https://repo.maven.apache.org/maven2/org/apache/activemq/activemq-bom/6.1.8/activemq-bom-6.1.8.pom
[INFO] Downloaded from central: https://repo.maven.apache.org/maven2/org/apache/activemq/activemq-bom/6.1.8/activemq-bom-6.1.8.pom (7.9 kB at 303 kB/s)
[INFO] Downloading from central: https://repo.maven.apache.org/maven2/org/apache/activemq/artemis-bom/2.43.0/artemis-bom-2.43.0.pom
[INFO] Downloaded from central: https://repo.maven.apache.org/maven2/org/apache/activemq/artemis-bom/2.43.0/artemis-bom-2.43.0.pom (9.4 kB at 408 kB/s)
[INFO] Downloading from central: https://repo.maven.apache.org/maven2/org/apache/activemq/artemis-project/2.43.0/artemis-project-2.43.0.pom
[INFO] Downloaded from central: https://repo.maven.apache.org/maven2/org/apache/activemq/artemis-project/2.43.0/artemis-project-2.43.0.pom (56 kB at 2.1 MB/s)
[INFO] Downloading from central: https://repo.maven.apache.org/maven2/org/infinispan/infinispan-bom/15.2.6.Final/infinispan-bom-15.2.6.Final.pom
[INFO] Downloaded from central: https://repo.maven.apache.org/maven2/org/infinispan/infinispan-bom/15.2.6.Final/infinispan-bom-15.2.6.Final.pom (17 kB at 726 kB/s)
[INFO] Downloading from central: https://repo.maven.apache.org/maven2/org/infinispan/infinispan-build-configuration-parent/15.2.6.Final/infinispan-build-configuration-parent-15.2.6.Final.pom
[INFO] Downloaded from central: https://repo.maven.apache.org/maven2/org/infinispan/infinispan-build-configuration-parent/15.2.6.Final/infinispan-build-configuration-parent-15.2.6.Final.pom (17 kB at 817 kB/s)
[INFO] Downloading from central: https://repo.maven.apache.org/maven2/org/jooq/jooq-bom/3.19.37/jooq-bom-3.19.37.pom
[INFO] Downloaded from central: https://repo.maven.apache.org/maven2/org/jooq/jooq-bom/3.19.37/jooq-bom-3.19.37.pom (4.7 kB at 226 kB/s)
[INFO] Downloading from central: https://repo.maven.apache.org/maven2/org/jetbrains/kotlin/kotlin-bom/2.2.21/kotlin-bom-2.2.21.pom
[INFO] Downloaded from central: https://repo.maven.apache.org/maven2/org/jetbrains/kotlin/kotlin-bom/2.2.21/kotlin-bom-2.2.21.pom (9.4 kB at 472 kB/s)
[INFO] Downloading from central: https://repo.maven.apache.org/maven2/org/jetbrains/kotlinx/kotlinx-serialization-bom/1.9.0/kotlinx-serialization-bom-1.9.0.pom
[INFO] Downloaded from central: https://repo.maven.apache.org/maven2/org/jetbrains/kotlinx/kotlinx-serialization-bom/1.9.0/kotlinx-serialization-bom-1.9.0.pom (4.0 kB at 211 kB/s)
[INFO] Downloading from central: https://repo.maven.apache.org/maven2/io/micrometer/micrometer-bom/1.16.7/micrometer-bom-1.16.7.pom
[INFO] Downloaded from central: https://repo.maven.apache.org/maven2/io/micrometer/micrometer-bom/1.16.7/micrometer-bom-1.16.7.pom (8.8 kB at 464 kB/s)
[INFO] Downloading from central: https://repo.maven.apache.org/maven2/org/mockito/mockito-bom/5.20.0/mockito-bom-5.20.0.pom
[INFO] Downloaded from central: https://repo.maven.apache.org/maven2/org/mockito/mockito-bom/5.20.0/mockito-bom-5.20.0.pom (3.0 kB at 156 kB/s)
[INFO] Downloading from central: https://repo.maven.apache.org/maven2/org/mongodb/mongodb-driver-bom/5.6.5/mongodb-driver-bom-5.6.5.pom
[INFO] Downloaded from central: https://repo.maven.apache.org/maven2/org/mongodb/mongodb-driver-bom/5.6.5/mongodb-driver-bom-5.6.5.pom (4.2 kB at 181 kB/s)
[INFO] Downloading from central: https://repo.maven.apache.org/maven2/io/opentelemetry/opentelemetry-bom/1.55.0/opentelemetry-bom-1.55.0.pom
[INFO] Downloaded from central: https://repo.maven.apache.org/maven2/io/opentelemetry/opentelemetry-bom/1.55.0/opentelemetry-bom-1.55.0.pom (6.0 kB at 275 kB/s)
[INFO] Downloading from central: https://repo.maven.apache.org/maven2/io/prometheus/prometheus-metrics-bom/1.4.3/prometheus-metrics-bom-1.4.3.pom
[INFO] Downloaded from central: https://repo.maven.apache.org/maven2/io/prometheus/prometheus-metrics-bom/1.4.3/prometheus-metrics-bom-1.4.3.pom (5.8 kB at 278 kB/s)
[INFO] Downloading from central: https://repo.maven.apache.org/maven2/io/prometheus/client_java_parent/1.4.3/client_java_parent-1.4.3.pom
[INFO] Downloaded from central: https://repo.maven.apache.org/maven2/io/prometheus/client_java_parent/1.4.3/client_java_parent-1.4.3.pom (4.3 kB at 229 kB/s)
[INFO] Downloading from central: https://repo.maven.apache.org/maven2/org/apache/pulsar/pulsar-bom/4.1.3/pulsar-bom-4.1.3.pom
[INFO] Downloaded from central: https://repo.maven.apache.org/maven2/org/apache/pulsar/pulsar-bom/4.1.3/pulsar-bom-4.1.3.pom (25 kB at 1.3 MB/s)
[INFO] Downloading from central: https://repo.maven.apache.org/maven2/org/seleniumhq/selenium/selenium-bom/4.37.0/selenium-bom-4.37.0.pom
[INFO] Downloaded from central: https://repo.maven.apache.org/maven2/org/seleniumhq/selenium/selenium-bom/4.37.0/selenium-bom-4.37.0.pom (5.8 kB at 278 kB/s)
[INFO] Downloading from central: https://repo.maven.apache.org/maven2/org/springframework/amqp/spring-amqp-bom/4.0.5/spring-amqp-bom-4.0.5.pom
[INFO] Downloaded from central: https://repo.maven.apache.org/maven2/org/springframework/amqp/spring-amqp-bom/4.0.5/spring-amqp-bom-4.0.5.pom (4.3 kB at 214 kB/s)
[INFO] Downloading from central: https://repo.maven.apache.org/maven2/org/springframework/data/spring-data-bom/2025.1.7/spring-data-bom-2025.1.7.pom
[INFO] Downloaded from central: https://repo.maven.apache.org/maven2/org/springframework/data/spring-data-bom/2025.1.7/spring-data-bom-2025.1.7.pom (5.5 kB at 262 kB/s)
[INFO] Downloading from central: https://repo.maven.apache.org/maven2/org/springframework/integration/spring-integration-bom/7.0.6/spring-integration-bom-7.0.6.pom
[INFO] Downloaded from central: https://repo.maven.apache.org/maven2/org/springframework/integration/spring-integration-bom/7.0.6/spring-integration-bom-7.0.6.pom (10 kB at 495 kB/s)
[INFO] Downloading from central: https://repo.maven.apache.org/maven2/org/springframework/security/spring-security-bom/7.0.7/spring-security-bom-7.0.7.pom
[INFO] Downloaded from central: https://repo.maven.apache.org/maven2/org/springframework/security/spring-security-bom/7.0.7/spring-security-bom-7.0.7.pom (6.7 kB at 303 kB/s)
[INFO] Downloading from central: https://repo.maven.apache.org/maven2/org/springframework/session/spring-session-bom/4.0.5/spring-session-bom-4.0.5.pom
[INFO] Downloaded from central: https://repo.maven.apache.org/maven2/org/springframework/session/spring-session-bom/4.0.5/spring-session-bom-4.0.5.pom (2.5 kB at 102 kB/s)
[INFO] Downloading from central: https://repo.maven.apache.org/maven2/org/springframework/cloud/spring-cloud-starter/5.0.3/spring-cloud-starter-5.0.3.pom
[INFO] Downloaded from central: https://repo.maven.apache.org/maven2/org/springframework/cloud/spring-cloud-starter/5.0.3/spring-cloud-starter-5.0.3.pom (3.8 kB at 179 kB/s)
[INFO] Downloading from central: https://repo.maven.apache.org/maven2/org/springframework/cloud/spring-cloud-commons-parent/5.0.3/spring-cloud-commons-parent-5.0.3.pom
[INFO] Downloaded from central: https://repo.maven.apache.org/maven2/org/springframework/cloud/spring-cloud-commons-parent/5.0.3/spring-cloud-commons-parent-5.0.3.pom (3.6 kB at 156 kB/s)
[INFO] Downloading from central: https://repo.maven.apache.org/maven2/org/springframework/cloud/spring-cloud-context/5.0.3/spring-cloud-context-5.0.3.pom
[INFO] Downloaded from central: https://repo.maven.apache.org/maven2/org/springframework/cloud/spring-cloud-context/5.0.3/spring-cloud-context-5.0.3.pom (5.7 kB at 272 kB/s)
[INFO] Downloading from central: https://repo.maven.apache.org/maven2/org/springframework/cloud/spring-cloud-commons/5.0.3/spring-cloud-commons-5.0.3.pom
[INFO] Downloaded from central: https://repo.maven.apache.org/maven2/org/springframework/cloud/spring-cloud-commons/5.0.3/spring-cloud-commons-5.0.3.pom (7.0 kB at 335 kB/s)
[INFO] Downloading from central: https://repo.maven.apache.org/maven2/org/bouncycastle/bcprov-jdk18on/1.85.2/bcprov-jdk18on-1.85.2.pom
[INFO] Downloaded from central: https://repo.maven.apache.org/maven2/org/bouncycastle/bcprov-jdk18on/1.85.2/bcprov-jdk18on-1.85.2.pom (1.2 kB at 61 kB/s)
[INFO] Downloading from central: https://repo.maven.apache.org/maven2/org/springframework/cloud/spring-cloud-gateway-server-webmvc/5.0.3/spring-cloud-gateway-server-webmvc-5.0.3.pom
[INFO] Downloaded from central: https://repo.maven.apache.org/maven2/org/springframework/cloud/spring-cloud-gateway-server-webmvc/5.0.3/spring-cloud-gateway-server-webmvc-5.0.3.pom (5.5 kB at 249 kB/s)
[INFO] Downloading from central: https://repo.maven.apache.org/maven2/org/springframework/boot/spring-boot-starter-web/4.1.1/spring-boot-starter-web-4.1.1.pom
[INFO] Downloaded from central: https://repo.maven.apache.org/maven2/org/springframework/boot/spring-boot-starter-web/4.1.1/spring-boot-starter-web-4.1.1.pom (2.8 kB at 141 kB/s)
[INFO] Downloading from central: https://repo.maven.apache.org/maven2/org/springframework/boot/spring-boot-starter-oauth2-client/4.1.1/spring-boot-starter-oauth2-client-4.1.1.pom
[INFO] Downloaded from central: https://repo.maven.apache.org/maven2/org/springframework/boot/spring-boot-starter-oauth2-client/4.1.1/spring-boot-starter-oauth2-client-4.1.1.pom (2.8 kB at 128 kB/s)
[INFO] Downloading from central: https://repo.maven.apache.org/maven2/org/springframework/boot/spring-boot-security-oauth2-client/4.1.1/spring-boot-security-oauth2-client-4.1.1.pom
[INFO] Downloaded from central: https://repo.maven.apache.org/maven2/org/springframework/boot/spring-boot-security-oauth2-client/4.1.1/spring-boot-security-oauth2-client-4.1.1.pom (2.5 kB at 113 kB/s)
[INFO] Downloading from central: https://repo.maven.apache.org/maven2/org/springframework/security/spring-security-oauth2-client/7.1.1/spring-security-oauth2-client-7.1.1.pom
[INFO] Downloaded from central: https://repo.maven.apache.org/maven2/org/springframework/security/spring-security-oauth2-client/7.1.1/spring-security-oauth2-client-7.1.1.pom (2.9 kB at 138 kB/s)
[INFO] Downloading from central: https://repo.maven.apache.org/maven2/com/nimbusds/oauth2-oidc-sdk/11.38.2/oauth2-oidc-sdk-11.38.2.pom
[INFO] Downloaded from central: https://repo.maven.apache.org/maven2/com/nimbusds/oauth2-oidc-sdk/11.38.2/oauth2-oidc-sdk-11.38.2.pom (16 kB at 696 kB/s)
[INFO] Downloading from central: https://repo.maven.apache.org/maven2/com/github/stephenc/jcip/jcip-annotations/1.0-1/jcip-annotations-1.0-1.pom
[INFO] Downloaded from central: https://repo.maven.apache.org/maven2/com/github/stephenc/jcip/jcip-annotations/1.0-1/jcip-annotations-1.0-1.pom (5.4 kB at 226 kB/s)
[INFO] Downloading from central: https://repo.maven.apache.org/maven2/com/nimbusds/content-type/2.3/content-type-2.3.pom
[INFO] Downloaded from central: https://repo.maven.apache.org/maven2/com/nimbusds/content-type/2.3/content-type-2.3.pom (8.8 kB at 350 kB/s)
[INFO] Downloading from central: https://repo.maven.apache.org/maven2/com/nimbusds/lang-tag/1.7/lang-tag-1.7.pom
[INFO] Downloaded from central: https://repo.maven.apache.org/maven2/com/nimbusds/lang-tag/1.7/lang-tag-1.7.pom (9.2 kB at 460 kB/s)
[INFO] Downloading from central: https://repo.maven.apache.org/maven2/org/wiremock/wiremock-standalone/3.13.2/wiremock-standalone-3.13.2.pom
[INFO] Downloaded from central: https://repo.maven.apache.org/maven2/org/wiremock/wiremock-standalone/3.13.2/wiremock-standalone-3.13.2.pom (1.1 kB at 46 kB/s)
[INFO] Downloading from central: https://repo.maven.apache.org/maven2/org/springframework/cloud/spring-cloud-starter-gateway-server-webmvc/5.0.3/spring-cloud-starter-gateway-server-webmvc-5.0.3.jar
[INFO] Downloaded from central: https://repo.maven.apache.org/maven2/org/springframework/cloud/spring-cloud-starter-gateway-server-webmvc/5.0.3/spring-cloud-starter-gateway-server-webmvc-5.0.3.jar (2.3 kB at 126 kB/s)
[INFO] Downloading from central: https://repo.maven.apache.org/maven2/org/springframework/cloud/spring-cloud-starter/5.0.3/spring-cloud-starter-5.0.3.jar
[INFO] Downloading from central: https://repo.maven.apache.org/maven2/org/springframework/cloud/spring-cloud-context/5.0.3/spring-cloud-context-5.0.3.jar
[INFO] Downloading from central: https://repo.maven.apache.org/maven2/org/springframework/cloud/spring-cloud-commons/5.0.3/spring-cloud-commons-5.0.3.jar
[INFO] Downloading from central: https://repo.maven.apache.org/maven2/org/bouncycastle/bcprov-jdk18on/1.85.2/bcprov-jdk18on-1.85.2.jar
[INFO] Downloading from central: https://repo.maven.apache.org/maven2/org/springframework/cloud/spring-cloud-gateway-server-webmvc/5.0.3/spring-cloud-gateway-server-webmvc-5.0.3.jar
[INFO] Downloaded from central: https://repo.maven.apache.org/maven2/org/springframework/cloud/spring-cloud-starter/5.0.3/spring-cloud-starter-5.0.3.jar (2.2 kB at 92 kB/s)
[INFO] Downloading from central: https://repo.maven.apache.org/maven2/org/springframework/boot/spring-boot-starter-web/4.1.1/spring-boot-starter-web-4.1.1.jar
[INFO] Downloaded from central: https://repo.maven.apache.org/maven2/org/springframework/boot/spring-boot-starter-web/4.1.1/spring-boot-starter-web-4.1.1.jar (4.8 kB at 156 kB/s)
[INFO] Downloading from central: https://repo.maven.apache.org/maven2/org/springframework/boot/spring-boot-starter-oauth2-client/4.1.1/spring-boot-starter-oauth2-client-4.1.1.jar
[INFO] Downloaded from central: https://repo.maven.apache.org/maven2/org/springframework/boot/spring-boot-starter-oauth2-client/4.1.1/spring-boot-starter-oauth2-client-4.1.1.jar (4.8 kB at 74 kB/s)
[INFO] Downloading from central: https://repo.maven.apache.org/maven2/org/springframework/boot/spring-boot-security-oauth2-client/4.1.1/spring-boot-security-oauth2-client-4.1.1.jar
[INFO] Downloaded from central: https://repo.maven.apache.org/maven2/org/springframework/boot/spring-boot-security-oauth2-client/4.1.1/spring-boot-security-oauth2-client-4.1.1.jar (36 kB at 434 kB/s)
[INFO] Downloading from central: https://repo.maven.apache.org/maven2/org/springframework/security/spring-security-oauth2-client/7.1.1/spring-security-oauth2-client-7.1.1.jar
[INFO] Downloaded from central: https://repo.maven.apache.org/maven2/org/springframework/cloud/spring-cloud-context/5.0.3/spring-cloud-context-5.0.3.jar (200 kB at 1.8 MB/s)
[INFO] Downloading from central: https://repo.maven.apache.org/maven2/com/nimbusds/oauth2-oidc-sdk/11.38.2/oauth2-oidc-sdk-11.38.2.jar
[INFO] Downloaded from central: https://repo.maven.apache.org/maven2/org/springframework/cloud/spring-cloud-commons/5.0.3/spring-cloud-commons-5.0.3.jar (314 kB at 2.4 MB/s)
[INFO] Downloading from central: https://repo.maven.apache.org/maven2/com/github/stephenc/jcip/jcip-annotations/1.0-1/jcip-annotations-1.0-1.jar
[INFO] Downloaded from central: https://repo.maven.apache.org/maven2/com/github/stephenc/jcip/jcip-annotations/1.0-1/jcip-annotations-1.0-1.jar (4.7 kB at 29 kB/s)
[INFO] Downloading from central: https://repo.maven.apache.org/maven2/com/nimbusds/content-type/2.3/content-type-2.3.jar
[INFO] Downloaded from central: https://repo.maven.apache.org/maven2/org/springframework/cloud/spring-cloud-gateway-server-webmvc/5.0.3/spring-cloud-gateway-server-webmvc-5.0.3.jar (346 kB at 2.1 MB/s)
[INFO] Downloaded from central: https://repo.maven.apache.org/maven2/org/springframework/security/spring-security-oauth2-client/7.1.1/spring-security-oauth2-client-7.1.1.jar (484 kB at 2.9 MB/s)
[INFO] Downloading from central: https://repo.maven.apache.org/maven2/com/nimbusds/lang-tag/1.7/lang-tag-1.7.jar
[INFO] Downloading from central: https://repo.maven.apache.org/maven2/org/wiremock/wiremock-standalone/3.13.2/wiremock-standalone-3.13.2.jar
[INFO] Downloaded from central: https://repo.maven.apache.org/maven2/com/nimbusds/content-type/2.3/content-type-2.3.jar (8.9 kB at 49 kB/s)
[INFO] Downloaded from central: https://repo.maven.apache.org/maven2/com/nimbusds/lang-tag/1.7/lang-tag-1.7.jar (11 kB at 59 kB/s)
[INFO] Downloaded from central: https://repo.maven.apache.org/maven2/com/nimbusds/oauth2-oidc-sdk/11.38.2/oauth2-oidc-sdk-11.38.2.jar (921 kB at 3.5 MB/s)
[INFO] Downloaded from central: https://repo.maven.apache.org/maven2/org/bouncycastle/bcprov-jdk18on/1.85.2/bcprov-jdk18on-1.85.2.jar (10 MB at 8.0 MB/s)
[INFO] Downloaded from central: https://repo.maven.apache.org/maven2/org/wiremock/wiremock-standalone/3.13.2/wiremock-standalone-3.13.2.jar (20 MB at 9.0 MB/s)
[INFO] 
[INFO] --- clean:3.5.0:clean (default-clean) @ marketplace-edge ---
[INFO] 
[INFO] --- enforcer:3.6.3:enforce (enforce-dependency-convergence) @ marketplace-edge ---
[INFO] Rule 0: org.apache.maven.enforcer.rules.dependency.DependencyConvergence passed
[INFO] Rule 1: org.apache.maven.enforcer.rules.dependency.RequireUpperBoundDeps passed
[INFO] Rule 2: org.apache.maven.enforcer.rules.BanDuplicatePomDependencyVersions passed
[INFO] 
[INFO] --- jacoco:0.8.15:prepare-agent (prepare-agent) @ marketplace-edge ---
[INFO] argLine set to -javaagent:/home/z/.m2/repository/org/jacoco/org.jacoco.agent/0.8.15/org.jacoco.agent-0.8.15-runtime.jar=destfile=/home/z/my-project/app-java-v3-b/marketplace-edge/target/jacoco.exec,excludes=**/*Application.*:**/*Config.*:**/*Module.*:**/*Entity.*:**/*Spi.*:**/*Port.*:**/shared/jpa/**:**/shared/events/**:**/*HealthIndicator.*:**/shared/api/*Summary.*:**/shared/api/*Event.*:**/shared/api/*ExportEntry.*:**/shared/api/SearchCriteria.*:**/shared/api/PaymentIntentDetails.*:**/shared/api/ListingPriceProvider$*:**/shared/api/ApiConstants.*:**/shared/api/SystemSettingKeys.*:**/shared/api/BadRequestException.*:**/shared/api/ConflictException.*:**/shared/api/ResourceNotFoundException.*:**/shared/api/SystemSettingTypeException.*:**/shared/api/ProviderNameResolver.*:**/shared/api/BookingParticipantProvider.*:**/shared/config/**:**/shared/email/EmailSendException.*:**/shared/security/CurrentUserProvider.*
[INFO] 
[INFO] --- spring-boot:4.1.1:build-info (default) @ marketplace-edge ---
[INFO] 
[INFO] --- resources:3.5.0:resources (default-resources) @ marketplace-edge ---
[INFO] Copying 1 resource from src/main/resources to target/classes
[INFO] Copying 0 resource from src/main/resources to target/classes
[INFO] 
[INFO] --- compiler:3.15.0:compile (default-compile) @ marketplace-edge ---
[INFO] Recompiling the module because of changed source code.
[INFO] Compiling 3 source files with javac [debug parameters release 25] to target/classes
[INFO] 
[INFO] --- resources:3.5.0:testResources (default-testResources) @ marketplace-edge ---
[INFO] Copying 1 resource from src/test/resources to target/test-classes
[INFO] 
[INFO] --- compiler:3.15.0:testCompile (default-testCompile) @ marketplace-edge ---
[INFO] Recompiling the module because of changed dependency.
[INFO] Compiling 4 source files with javac [debug parameters release 25] to target/test-classes
[INFO] 
[INFO] --- surefire:3.5.6:test (default-test) @ marketplace-edge ---
[INFO] Using auto detected provider org.apache.maven.surefire.junitplatform.JUnitPlatformProvider
[INFO] 
[INFO] -------------------------------------------------------
[INFO]  T E S T S
[INFO] -------------------------------------------------------
[INFO] Running com.marketplace.edge.EdgeContextTest
02:11:22.379 [main] INFO org.springframework.test.context.support.AnnotationConfigContextLoaderUtils -- Could not detect default configuration classes for test class [com.marketplace.edge.EdgeContextTest]: EdgeContextTest does not declare any static, non-private, non-final, nested classes annotated with @Configuration.
02:11:23.140 [main] INFO org.springframework.boot.test.context.SpringBootTestContextBootstrapper -- Found @SpringBootConfiguration com.marketplace.edge.EdgeApplication for test class com.marketplace.edge.EdgeContextTest
02:11:23.627 [main] INFO org.springframework.test.context.support.AnnotationConfigContextLoaderUtils -- Could not detect default configuration classes for test class [com.marketplace.edge.EdgeContextTest]: EdgeContextTest does not declare any static, non-private, non-final, nested classes annotated with @Configuration.
02:11:23.629 [main] INFO org.springframework.boot.test.context.SpringBootTestContextBootstrapper -- Found @SpringBootConfiguration com.marketplace.edge.EdgeApplication for test class com.marketplace.edge.EdgeContextTest

  .   ____          _            __ _ _
 /\\ / ___'_ __ _ _(_)_ __  __ _ \ \ \ \
( ( )\___ | '_ | '_| | '_ \/ _` | \ \ \ \
 \\/  ___)| |_)| | | | | || (_| |  ) ) ) )
  '  |____| .__|_| |_|_| |_\__, | / / / /
 =========|_|==============|___/=/_/_/_/

 :: Spring Boot ::                (v4.1.1)

2026-10-07T02:11:25.805Z  INFO 5663 --- [           main] com.marketplace.edge.EdgeContextTest     : Starting EdgeContextTest using Java 25.0.4.1 with PID 5663 (started by z in /home/z/my-project/app-java-v3-b/marketplace-edge)
2026-10-07T02:11:25.807Z  INFO 5663 --- [           main] com.marketplace.edge.EdgeContextTest     : The following 1 profile is active: "test"
2026-10-07T02:11:29.341Z  INFO 5663 --- [           main] .s.d.r.c.RepositoryConfigurationDelegate : Multiple Spring Data modules found, entering strict repository configuration mode
2026-10-07T02:11:29.351Z  INFO 5663 --- [           main] .s.d.r.c.RepositoryConfigurationDelegate : Bootstrapping Spring Data Redis repositories in DEFAULT mode.
2026-10-07T02:11:29.446Z  INFO 5663 --- [           main] .s.d.r.c.RepositoryConfigurationDelegate : Finished Spring Data repository scanning in 26 ms. Found 0 Redis repository interfaces.
2026-10-07T02:11:30.625Z  INFO 5663 --- [           main] o.s.cloud.context.scope.GenericScope     : BeanFactory id=9c6cc18e-ce84-3966-a2dd-863d8c92b1df
Mockito is currently self-attaching to enable the inline-mock-maker. This will no longer work in future releases of the JDK. Please add Mockito as an agent to your build as described in Mockito's documentation: https://javadoc.io/doc/org.mockito/mockito-core/latest/org.mockito/org/mockito/Mockito.html#0.3
OpenJDK 64-Bit Server VM warning: Sharing is only supported for boot loader classes because bootstrap classpath has been appended
WARNING: A Java agent has been loaded dynamically (/home/z/.m2/repository/net/bytebuddy/byte-buddy-agent/1.18.11/byte-buddy-agent-1.18.11.jar)
WARNING: If a serviceability tool is in use, please run with -XX:+EnableDynamicAgentLoading to hide this warning
WARNING: If a serviceability tool is not in use, please run with -Djdk.instrument.traceUsage for more information
WARNING: Dynamic loading of agents will be disallowed by default in a future release
2026-10-07T02:11:37.799Z  INFO 5663 --- [           main] o.s.b.a.e.web.EndpointLinksResolver      : Exposing 1 endpoint beneath base path '/actuator'
2026-10-07T02:11:38.054Z  INFO 5663 --- [           main] com.marketplace.edge.EdgeContextTest     : Started EdgeContextTest in 13.836 seconds (process running for 18.912)
[INFO] Tests run: 1, Failures: 0, Errors: 0, Skipped: 0, Time elapsed: 16.72 s -- in com.marketplace.edge.EdgeContextTest
[INFO] Running com.marketplace.edge.EdgeSessionBackendSelectionTest
2026-10-07T02:11:38.284Z  INFO 5663 --- [           main] t.c.s.AnnotationConfigContextLoaderUtils : Could not detect default configuration classes for test class [com.marketplace.edge.EdgeSessionBackendSelectionTest]: EdgeSessionBackendSelectionTest does not declare any static, non-private, non-final, nested classes annotated with @Configuration.
2026-10-07T02:11:38.289Z  INFO 5663 --- [           main] .b.t.c.SpringBootTestContextBootstrapper : Found @SpringBootConfiguration com.marketplace.edge.EdgeApplication for test class com.marketplace.edge.EdgeSessionBackendSelectionTest
2026-10-07T02:11:38.290Z  INFO 5663 --- [           main] t.c.s.AnnotationConfigContextLoaderUtils : Could not detect default configuration classes for test class [com.marketplace.edge.EdgeSessionBackendSelectionTest]: EdgeSessionBackendSelectionTest does not declare any static, non-private, non-final, nested classes annotated with @Configuration.
2026-10-07T02:11:38.297Z  INFO 5663 --- [           main] .b.t.c.SpringBootTestContextBootstrapper : Found @SpringBootConfiguration com.marketplace.edge.EdgeApplication for test class com.marketplace.edge.EdgeSessionBackendSelectionTest
[INFO] Tests run: 1, Failures: 0, Errors: 0, Skipped: 0, Time elapsed: 0.207 s -- in com.marketplace.edge.EdgeSessionBackendSelectionTest
[INFO] Running com.marketplace.edge.EdgeClientRegistrationTest
[INFO] Tests run: 6, Failures: 0, Errors: 0, Skipped: 0, Time elapsed: 0.059 s -- in com.marketplace.edge.EdgeClientRegistrationTest
[INFO] 
[INFO] Results:
[INFO] 
[INFO] Tests run: 8, Failures: 0, Errors: 0, Skipped: 0
[INFO] 
[INFO] 
[INFO] --- jar:3.5.1:jar (default-jar) @ marketplace-edge ---
[INFO] Building jar: /home/z/my-project/app-java-v3-b/marketplace-edge/target/marketplace-edge-0.1.0-SNAPSHOT.jar
[INFO] 
[INFO] --- spring-boot:4.1.1:repackage (repackage) @ marketplace-edge ---
[INFO] Replacing main artifact /home/z/my-project/app-java-v3-b/marketplace-edge/target/marketplace-edge-0.1.0-SNAPSHOT.jar with repackaged archive, adding nested dependencies in BOOT-INF/.
[INFO] The original artifact has been renamed to /home/z/my-project/app-java-v3-b/marketplace-edge/target/marketplace-edge-0.1.0-SNAPSHOT.jar.original
[INFO] 
[INFO] --- failsafe:3.5.6:integration-test (default) @ marketplace-edge ---
[INFO] Using auto detected provider org.apache.maven.surefire.junitplatform.JUnitPlatformProvider
[INFO] 
[INFO] -------------------------------------------------------
[INFO]  T E S T S
[INFO] -------------------------------------------------------
[INFO] Running com.marketplace.edge.EdgeRelayIT
02:11:42.474 [main] INFO org.springframework.boot.test.context.SpringBootTestContextBootstrapper -- Found @SpringBootConfiguration com.marketplace.edge.EdgeApplication for test class com.marketplace.edge.EdgeRelayIT
02:11:42.882 [main] INFO org.springframework.boot.test.context.SpringBootTestContextBootstrapper -- Found @SpringBootConfiguration com.marketplace.edge.EdgeApplication for test class com.marketplace.edge.EdgeRelayIT

  .   ____          _            __ _ _
 /\\ / ___'_ __ _ _(_)_ __  __ _ \ \ \ \
( ( )\___ | '_ | '_| | '_ \/ _` | \ \ \ \
 \\/  ___)| |_)| | | | | || (_| |  ) ) ) )
  '  |____| .__|_| |_|_| |_\__, | / / / /
 =========|_|==============|___/=/_/_/_/

 :: Spring Boot ::                (v4.1.1)

2026-10-07T02:11:47.729Z  INFO 5736 --- [           main] com.marketplace.edge.EdgeRelayIT         : Starting EdgeRelayIT using Java 25.0.4.1 with PID 5736 (started by z in /home/z/my-project/app-java-v3-b/marketplace-edge)
2026-10-07T02:11:47.732Z  INFO 5736 --- [           main] com.marketplace.edge.EdgeRelayIT         : The following 1 profile is active: "test"
2026-10-07T02:11:50.817Z  INFO 5736 --- [           main] .s.d.r.c.RepositoryConfigurationDelegate : Multiple Spring Data modules found, entering strict repository configuration mode
2026-10-07T02:11:50.825Z  INFO 5736 --- [           main] .s.d.r.c.RepositoryConfigurationDelegate : Bootstrapping Spring Data Redis repositories in DEFAULT mode.
2026-10-07T02:11:50.917Z  INFO 5736 --- [           main] .s.d.r.c.RepositoryConfigurationDelegate : Finished Spring Data repository scanning in 26 ms. Found 0 Redis repository interfaces.
2026-10-07T02:11:52.136Z  INFO 5736 --- [           main] o.s.cloud.context.scope.GenericScope     : BeanFactory id=f4c9ff69-22b3-3c99-a1b8-f3e28d200760
Mockito is currently self-attaching to enable the inline-mock-maker. This will no longer work in future releases of the JDK. Please add Mockito as an agent to your build as described in Mockito's documentation: https://javadoc.io/doc/org.mockito/mockito-core/latest/org.mockito/org/mockito/Mockito.html#0.3
OpenJDK 64-Bit Server VM warning: Sharing is only supported for boot loader classes because bootstrap classpath has been appended
WARNING: A Java agent has been loaded dynamically (/home/z/.m2/repository/net/bytebuddy/byte-buddy-agent/1.18.11/byte-buddy-agent-1.18.11.jar)
WARNING: If a serviceability tool is in use, please run with -XX:+EnableDynamicAgentLoading to hide this warning
WARNING: If a serviceability tool is not in use, please run with -Djdk.instrument.traceUsage for more information
WARNING: Dynamic loading of agents will be disallowed by default in a future release
2026-10-07T02:11:59.447Z  INFO 5736 --- [           main] o.s.b.t.m.w.SpringBootMockServletContext : Initializing Spring TestDispatcherServlet ''
2026-10-07T02:11:59.447Z  INFO 5736 --- [           main] o.s.t.web.servlet.TestDispatcherServlet  : Initializing Servlet ''
2026-10-07T02:11:59.510Z  INFO 5736 --- [           main] o.s.b.a.e.web.EndpointLinksResolver      : Exposing 1 endpoint beneath base path '/actuator'
2026-10-07T02:11:59.530Z  INFO 5736 --- [           main] o.s.t.web.servlet.TestDispatcherServlet  : Completed initialization in 83 ms
2026-10-07T02:11:59.983Z  INFO 5736 --- [           main] com.marketplace.edge.EdgeRelayIT         : Started EdgeRelayIT in 13.506 seconds (process running for 20.432)
[INFO] Tests run: 2, Failures: 0, Errors: 0, Skipped: 0, Time elapsed: 19.39 s -- in com.marketplace.edge.EdgeRelayIT
[INFO] Running com.marketplace.edge.EdgeSessionIT
2026-10-07T02:12:00.892Z  INFO 5736 --- [           main] .b.t.c.SpringBootTestContextBootstrapper : Found @SpringBootConfiguration com.marketplace.edge.EdgeApplication for test class com.marketplace.edge.EdgeSessionIT
2026-10-07T02:12:00.896Z  INFO 5736 --- [           main] .b.t.c.SpringBootTestContextBootstrapper : Found @SpringBootConfiguration com.marketplace.edge.EdgeApplication for test class com.marketplace.edge.EdgeSessionIT

  .   ____          _            __ _ _
 /\\ / ___'_ __ _ _(_)_ __  __ _ \ \ \ \
( ( )\___ | '_ | '_| | '_ \/ _` | \ \ \ \
 \\/  ___)| |_)| | | | | || (_| |  ) ) ) )
  '  |____| .__|_| |_|_| |_\__, | / / / /
 =========|_|==============|___/=/_/_/_/

 :: Spring Boot ::                (v4.1.1)

2026-10-07T02:12:00.976Z  INFO 5736 --- [           main] com.marketplace.edge.EdgeSessionIT       : Starting EdgeSessionIT using Java 25.0.4.1 with PID 5736 (started by z in /home/z/my-project/app-java-v3-b/marketplace-edge)
2026-10-07T02:12:00.976Z  INFO 5736 --- [           main] com.marketplace.edge.EdgeSessionIT       : The following 1 profile is active: "test"
2026-10-07T02:12:01.291Z  INFO 5736 --- [           main] .s.d.r.c.RepositoryConfigurationDelegate : Multiple Spring Data modules found, entering strict repository configuration mode
2026-10-07T02:12:01.291Z  INFO 5736 --- [           main] .s.d.r.c.RepositoryConfigurationDelegate : Bootstrapping Spring Data Redis repositories in DEFAULT mode.
2026-10-07T02:12:01.296Z  INFO 5736 --- [           main] .s.d.r.c.RepositoryConfigurationDelegate : Finished Spring Data repository scanning in 2 ms. Found 0 Redis repository interfaces.
2026-10-07T02:12:01.486Z  INFO 5736 --- [           main] o.s.cloud.context.scope.GenericScope     : BeanFactory id=b1b0d704-72c7-3ac2-8f9b-72ae832e7d5f
2026-10-07T02:12:01.930Z  INFO 5736 --- [           main] o.s.b.t.m.w.SpringBootMockServletContext : Initializing Spring TestDispatcherServlet ''
2026-10-07T02:12:01.931Z  INFO 5736 --- [           main] o.s.t.web.servlet.TestDispatcherServlet  : Initializing Servlet ''
2026-10-07T02:12:01.935Z  INFO 5736 --- [           main] o.s.b.a.e.web.EndpointLinksResolver      : Exposing 1 endpoint beneath base path '/actuator'
2026-10-07T02:12:01.939Z  INFO 5736 --- [           main] o.s.t.web.servlet.TestDispatcherServlet  : Completed initialization in 8 ms
2026-10-07T02:12:02.033Z  INFO 5736 --- [           main] com.marketplace.edge.EdgeSessionIT       : Started EdgeSessionIT in 1.109 seconds (process running for 22.482)
2026-10-07T02:12:02.719Z  WARN 5736 --- [oundedElastic-1] b.d.r.h.DataRedisReactiveHealthIndicator : Redis health check failed

org.springframework.data.redis.RedisConnectionFailureException: Unable to connect to Redis
	at org.springframework.data.redis.connection.lettuce.LettuceConnectionFactory$ExceptionTranslatingConnectionProvider.translateException(LettuceConnectionFactory.java:1873) ~[spring-data-redis-4.1.1.jar:4.1.1]
	at org.springframework.data.redis.connection.lettuce.LettuceConnectionFactory$ExceptionTranslatingConnectionProvider.getConnection(LettuceConnectionFactory.java:1804) ~[spring-data-redis-4.1.1.jar:4.1.1]
	at org.springframework.data.redis.connection.lettuce.LettuceConnectionFactory$SharedConnection.getNativeConnection(LettuceConnectionFactory.java:1601) ~[spring-data-redis-4.1.1.jar:4.1.1]
	at org.springframework.data.redis.connection.lettuce.LettuceConnectionFactory$SharedConnection.lambda$getConnection$0(LettuceConnectionFactory.java:1581) ~[spring-data-redis-4.1.1.jar:4.1.1]
	at org.springframework.data.redis.connection.lettuce.LettuceConnectionFactory.doInLock(LettuceConnectionFactory.java:1542) ~[spring-data-redis-4.1.1.jar:4.1.1]
	at org.springframework.data.redis.connection.lettuce.LettuceConnectionFactory$SharedConnection.getConnection(LettuceConnectionFactory.java:1578) ~[spring-data-redis-4.1.1.jar:4.1.1]
	at org.springframework.data.redis.connection.lettuce.LettuceConnectionFactory.getSharedReactiveConnection(LettuceConnectionFactory.java:1283) ~[spring-data-redis-4.1.1.jar:4.1.1]
	at org.springframework.data.redis.connection.lettuce.LettuceConnectionFactory.getReactiveConnection(LettuceConnectionFactory.java:1153) ~[spring-data-redis-4.1.1.jar:4.1.1]
	at org.springframework.data.redis.connection.lettuce.LettuceConnectionFactory.getReactiveConnection(LettuceConnectionFactory.java:122) ~[spring-data-redis-4.1.1.jar:4.1.1]
	at reactor.core.publisher.MonoSupplier.call(MonoSupplier.java:63) ~[reactor-core-3.8.7.jar:3.8.7]
	at reactor.core.publisher.FluxSubscribeOnCallable$CallableSubscribeOnSubscription.run(FluxSubscribeOnCallable.java:228) ~[reactor-core-3.8.7.jar:3.8.7]
	at reactor.core.scheduler.SchedulerTask.call(SchedulerTask.java:72) ~[reactor-core-3.8.7.jar:3.8.7]
	at reactor.core.scheduler.SchedulerTask.call(SchedulerTask.java:28) ~[reactor-core-3.8.7.jar:3.8.7]
	at java.base/java.util.concurrent.FutureTask.run(FutureTask.java:328) ~[na:na]
	at java.base/java.util.concurrent.ScheduledThreadPoolExecutor$ScheduledFutureTask.run(ScheduledThreadPoolExecutor.java:309) ~[na:na]
	at java.base/java.util.concurrent.ThreadPoolExecutor.runWorker(ThreadPoolExecutor.java:1090) ~[na:na]
	at java.base/java.util.concurrent.ThreadPoolExecutor$Worker.run(ThreadPoolExecutor.java:614) ~[na:na]
	at java.base/java.lang.Thread.run(Thread.java:1474) ~[na:na]
Caused by: io.lettuce.core.RedisConnectionException: Unable to connect to localhost/<unresolved>:6379
	at io.lettuce.core.RedisConnectionException.create(RedisConnectionException.java:63) ~[lettuce-core-7.5.2.RELEASE.jar:7.5.2.RELEASE/5728917]
	at io.lettuce.core.RedisConnectionException.create(RedisConnectionException.java:41) ~[lettuce-core-7.5.2.RELEASE.jar:7.5.2.RELEASE/5728917]
	at io.lettuce.core.AbstractRedisClient.getConnection(AbstractRedisClient.java:315) ~[lettuce-core-7.5.2.RELEASE.jar:7.5.2.RELEASE/5728917]
	at io.lettuce.core.RedisClient.connect(RedisClient.java:220) ~[lettuce-core-7.5.2.RELEASE.jar:7.5.2.RELEASE/5728917]
	at org.springframework.data.redis.connection.lettuce.StandaloneConnectionProvider.lambda$getConnection$1(StandaloneConnectionProvider.java:113) ~[spring-data-redis-4.1.1.jar:4.1.1]
	at java.base/java.util.Optional.orElseGet(Optional.java:364) ~[na:na]
	at org.springframework.data.redis.connection.lettuce.StandaloneConnectionProvider.getConnection(StandaloneConnectionProvider.java:113) ~[spring-data-redis-4.1.1.jar:4.1.1]
	at org.springframework.data.redis.connection.lettuce.LettuceConnectionFactory$ExceptionTranslatingConnectionProvider.getConnection(LettuceConnectionFactory.java:1802) ~[spring-data-redis-4.1.1.jar:4.1.1]
	... 16 common frames omitted
Caused by: io.netty.channel.AbstractChannel$AnnotatedConnectException: Connection refused (connect failed): localhost/127.0.0.1:6379
Caused by: java.net.ConnectException: Connection refused (connect failed)
	at java.base/sun.nio.ch.Net.pollConnect(Native Method) ~[na:na]
	at java.base/sun.nio.ch.Net.pollConnectNow(Net.java:639) ~[na:na]
	at java.base/sun.nio.ch.SocketChannelImpl.finishConnect(SocketChannelImpl.java:1046) ~[na:na]
	at io.netty.channel.socket.nio.NioSocketChannel.doFinishConnect(NioSocketChannel.java:330) ~[netty-transport-4.2.17.Final.jar:4.2.17.Final]
	at io.netty.channel.nio.AbstractNioChannel$AbstractNioUnsafe.finishConnect(AbstractNioChannel.java:384) ~[netty-transport-4.2.17.Final.jar:4.2.17.Final]
	at io.netty.channel.nio.AbstractNioChannel$AbstractNioUnsafe.handle(AbstractNioChannel.java:432) ~[netty-transport-4.2.17.Final.jar:4.2.17.Final]
	at io.netty.channel.nio.NioIoHandler$DefaultNioRegistration.handle(NioIoHandler.java:388) ~[netty-transport-4.2.17.Final.jar:4.2.17.Final]
	at io.netty.channel.nio.NioIoHandler.processSelectedKey(NioIoHandler.java:596) ~[netty-transport-4.2.17.Final.jar:4.2.17.Final]
	at io.netty.channel.nio.NioIoHandler.processSelectedKeysPlain(NioIoHandler.java:541) ~[netty-transport-4.2.17.Final.jar:4.2.17.Final]
	at io.netty.channel.nio.NioIoHandler.processSelectedKeys(NioIoHandler.java:514) ~[netty-transport-4.2.17.Final.jar:4.2.17.Final]
	at io.netty.channel.nio.NioIoHandler.run(NioIoHandler.java:484) ~[netty-transport-4.2.17.Final.jar:4.2.17.Final]
	at io.netty.channel.SingleThreadIoEventLoop.runIo(SingleThreadIoEventLoop.java:225) ~[netty-transport-4.2.17.Final.jar:4.2.17.Final]
	at io.netty.channel.SingleThreadIoEventLoop.run(SingleThreadIoEventLoop.java:196) ~[netty-transport-4.2.17.Final.jar:4.2.17.Final]
	at io.netty.util.concurrent.SingleThreadEventExecutor$5.run(SingleThreadEventExecutor.java:1204) ~[netty-common-4.2.17.Final.jar:4.2.17.Final]
	at io.netty.util.internal.ThreadExecutorMap$2.run(ThreadExecutorMap.java:74) ~[netty-common-4.2.17.Final.jar:4.2.17.Final]
	at io.netty.util.concurrent.FastThreadLocalRunnable.run(FastThreadLocalRunnable.java:30) ~[netty-common-4.2.17.Final.jar:4.2.17.Final]
	at java.base/java.lang.Thread.run(Thread.java:1474) ~[na:na]

[INFO] Tests run: 4, Failures: 0, Errors: 0, Skipped: 0, Time elapsed: 2.162 s -- in com.marketplace.edge.EdgeSessionIT
[INFO] 
[INFO] Results:
[INFO] 
[INFO] Tests run: 6, Failures: 0, Errors: 0, Skipped: 0
[INFO] 
[INFO] 
[INFO] --- failsafe:3.5.6:integration-test (run-integration-tests) @ marketplace-edge ---
[INFO] Skipping execution of surefire because it has already been run for this configuration
[INFO] 
[INFO] --- jacoco:0.8.15:report (report) @ marketplace-edge ---
[INFO] Loading execution data file /home/z/my-project/app-java-v3-b/marketplace-edge/target/jacoco.exec
[INFO] Analyzed bundle 'marketplace-edge' with 0 classes
[INFO] 
[INFO] --- jacoco:0.8.15:check (check) @ marketplace-edge ---
[INFO] Loading execution data file /home/z/my-project/app-java-v3-b/marketplace-edge/target/jacoco.exec
[INFO] Analyzed bundle 'marketplace-edge' with 0 classes
[INFO] All coverage checks have been met.
[INFO] 
[INFO] --- failsafe:3.5.6:verify (default) @ marketplace-edge ---
[INFO] 
[INFO] --- failsafe:3.5.6:verify (run-integration-tests) @ marketplace-edge ---
[INFO] 
[INFO] --- dependency:3.10.0:analyze-only (analyze) @ marketplace-edge ---
[WARNING] Used undeclared dependencies found:
[WARNING]    org.assertj:assertj-core:jar:3.27.7:test
[WARNING]    org.springframework.session:spring-session-core:jar:4.1.1:compile
[WARNING]    org.springframework.security:spring-security-oauth2-client:jar:7.1.1:compile
[WARNING]    org.apache.tomcat.embed:tomcat-embed-core:jar:11.0.25:compile
[WARNING]    org.springframework:spring-web:jar:7.0.9:compile
[WARNING]    org.springframework.boot:spring-boot-test:jar:4.1.1:test
[WARNING]    org.springframework.boot:spring-boot-autoconfigure:jar:4.1.1:compile
[WARNING]    org.springframework.security:spring-security-oauth2-core:jar:7.1.1:compile
[WARNING]    org.hamcrest:hamcrest:jar:3.0:test
[WARNING]    org.springframework:spring-test:jar:7.0.9:test
[WARNING]    org.springframework:spring-beans:jar:7.0.9:compile
[WARNING]    org.springframework:spring-context:jar:7.0.9:compile
[WARNING]    org.junit.jupiter:junit-jupiter-api:jar:6.0.3:test
[WARNING]    org.springframework:spring-core:jar:7.0.9:compile
[WARNING]    org.springframework.boot:spring-boot:jar:4.1.1:compile
[WARNING]    org.springframework.security:spring-security-config:jar:7.1.1:compile
[WARNING]    org.springframework.security:spring-security-web:jar:7.1.1:compile
[WARNING]    org.mockito:mockito-core:jar:5.23.0:test
[WARNING]    org.springframework.session:spring-session-data-redis:jar:4.1.1:compile
[WARNING] Unused declared dependencies found:
[WARNING]    org.springframework.cloud:spring-cloud-starter-gateway-server-webmvc:jar:5.0.3:compile
[WARNING]    org.springframework.boot:spring-boot-starter-oauth2-client:jar:4.1.1:compile
[WARNING]    org.springframework.boot:spring-boot-starter-session-data-redis:jar:4.1.1:compile
[WARNING]    org.springframework.boot:spring-boot-starter-actuator:jar:4.1.1:compile
[WARNING]    org.springframework.boot:spring-boot-starter-test:jar:4.1.1:test
[WARNING] Non-test scoped test only dependencies found:
[WARNING]    org.springframework.session:spring-session-core:jar:4.1.1:compile
[WARNING]    org.springframework.security:spring-security-oauth2-client:jar:7.1.1:compile
[WARNING]    org.apache.tomcat.embed:tomcat-embed-core:jar:11.0.25:compile
[WARNING]    org.springframework.security:spring-security-oauth2-core:jar:7.1.1:compile
[WARNING]    org.springframework:spring-beans:jar:7.0.9:compile
[WARNING]    org.springframework.session:spring-session-data-redis:jar:4.1.1:compile
[INFO] ------------------------------------------------------------------------
[INFO] Reactor Summary for marketplace-platform 0.1.0-SNAPSHOT:
[INFO] 
[INFO] marketplace-platform ............................... SUCCESS [  1.528 s]
[INFO] marketplace-edge ................................... SUCCESS [ 51.154 s]
[INFO] ------------------------------------------------------------------------
[INFO] BUILD SUCCESS
[INFO] ------------------------------------------------------------------------
[INFO] Total time:  53.555 s
[INFO] Finished at: 2026-10-07T02:12:03Z
[INFO] ------------------------------------------------------------------------
